// Jest Snapshot v1, https://goo.gl/fbAQLP

exports[`<HandlerLoaders /> should render correctly in "debug" mode 1`] = `
<section
  className="HandlerLoaders"
>
  <p>
     Mocked 
  </p>
</section>
`;
