// Jest Snapshot v1, https://goo.gl/fbAQLP

exports[`<Header /> should render correctly in "debug" mode 1`] = `
<header
  className="Header"
>
  <Link
    data-cy="HeaderHome-link"
    to="/"
  >
    Home
  </Link>
</header>
`;
